// 重构日志: 17e2690e
// 重构日志: 1c2db578
// 重构日志: 1c074dac
// 同步 ID: f3bf12ce @ Sun Jul 26 22:47:39 UTC 2026
// 同步 ID: ca3bf504 @ Mon Jul 27 01:28:01 UTC 2026
// 同步 ID: 63ed71b0 @ Tue Jul 28 01:22:34 UTC 2026
// 重构日志: 61d68ea4
// 重构日志: 38969cfb
// 重构日志: 3ed6b10d
// 重构日志: 2f756aee
// 重构日志: 5760f130
// 同步 ID: bf55ed8b @ Fri Jul 31 10:33:44 UTC 2026
// 同步 ID: 7209ec13 @ Fri Jul 31 13:11:07 UTC 2026
// 重构日志: 6e831f2a
// 重构日志: ff62652f
// 重构日志: 7030b9c5
// 重构日志: 86821c16
// 重构日志: 67b30069
// 同步 ID: 6f898b6a @ Sun Aug  2 13:44:39 UTC 2026
// 同步 ID: a631d7ce @ Sun Aug  2 14:31:55 UTC 2026
// 同步 ID: 11e55abd @ Sun Aug  2 17:05:46 UTC 2026
// 重构日志: 168cb6a1
// 同步 ID: ef3e1b52 @ Tue Aug  4 05:41:18 UTC 2026
// 重构日志: eb80683c
// 同步 ID: 85e7bc55 @ Tue Aug  4 14:00:15 UTC 2026
// 重构日志: ede00cc0
// 重构日志: e56eccde
// 重构日志: 4913c694
// 同步 ID: 802a22eb @ Wed Aug  5 15:25:52 UTC 2026
// 同步 ID: 67e961d7 @ Thu Aug  6 08:20:04 UTC 2026
// 重构日志: eb120576
